2026-03-02 11:34:26,959 - masks.py - INFO - Старт работы функии: маскировка карты.
2026-03-02 11:34:26,959 - masks.py - INFO - Функция отработала в штатном режиме
2026-03-02 11:34:26,959 - masks.py - INFO - Конец работы функии: маскировка карты.
==============================
2026-03-02 11:34:26,960 - masks.py - INFO - Старт работы функии: маскировка карты.
2026-03-02 11:34:26,960 - masks.py - INFO - Функция отработала в штатном режиме
2026-03-02 11:34:26,960 - masks.py - INFO - Конец работы функии: маскировка карты.
==============================
2026-03-02 11:34:26,961 - masks.py - INFO - Старт работы функии: маскировка карты.
2026-03-02 11:34:26,961 - masks.py - INFO - Функция отработала в штатном режиме
2026-03-02 11:34:26,961 - masks.py - INFO - Конец работы функии: маскировка карты.
==============================
2026-03-02 11:34:26,962 - masks.py - INFO - Старт работы функии: маскировка карты.
2026-03-02 11:34:26,963 - masks.py - INFO - Функция отработала в штатном режиме
2026-03-02 11:34:26,963 - masks.py - INFO - Конец работы функии: маскировка карты.
==============================
2026-03-02 11:34:26,964 - masks.py - INFO - Старт работы функии: маскировка карты.
2026-03-02 11:34:26,964 - masks.py - INFO - Функция отработала в штатном режиме
2026-03-02 11:34:26,964 - masks.py - INFO - Конец работы функии: маскировка карты.
==============================
2026-03-02 11:34:26,965 - masks.py - INFO - Старт работы функии: маскировка счета.
2026-03-02 11:34:26,965 - masks.py - INFO - Функция отработала в штатном режиме
2026-03-02 11:34:26,965 - masks.py - INFO - Конец работы функии: маскировка счета.
==============================
2026-03-02 11:34:26,966 - masks.py - INFO - Старт работы функии: маскировка счета.
2026-03-02 11:34:26,966 - masks.py - INFO - Функция отработала в штатном режиме
2026-03-02 11:34:26,966 - masks.py - INFO - Конец работы функии: маскировка счета.
==============================
2026-03-02 11:34:26,967 - masks.py - INFO - Старт работы функии: маскировка счета.
2026-03-02 11:34:26,967 - masks.py - INFO - Функция отработала в штатном режиме
2026-03-02 11:34:26,967 - masks.py - INFO - Конец работы функии: маскировка счета.
==============================
2026-03-02 11:34:26,968 - masks.py - INFO - Старт работы функии: маскировка карты.
2026-03-02 11:34:26,968 - masks.py - ERROR - Произошла ошибка: object of type 'NoneType' has no len()
Traceback (most recent call last):
  File "C:\PyProject\SkyPro_HomeWork\src\masks.py", line 19, in get_mask_card_number
    if len(card_number) != 16:
       ~~~^^^^^^^^^^^^^
TypeError: object of type 'NoneType' has no len()
2026-03-02 11:34:26,969 - masks.py - INFO - Конец работы функии: маскировка карты.
==============================
2026-03-02 11:34:26,970 - masks.py - INFO - Старт работы функии: маскировка карты.
2026-03-02 11:34:26,970 - masks.py - ERROR - Произошла ошибка: 
Traceback (most recent call last):
  File "C:\PyProject\SkyPro_HomeWork\src\masks.py", line 20, in get_mask_card_number
    raise ValueError
ValueError
2026-03-02 11:34:26,970 - masks.py - INFO - Конец работы функии: маскировка карты.
==============================
2026-03-02 11:34:26,972 - masks.py - INFO - Старт работы функии: маскировка карты.
2026-03-02 11:34:26,972 - masks.py - ERROR - Произошла ошибка: 
Traceback (most recent call last):
  File "C:\PyProject\SkyPro_HomeWork\src\masks.py", line 20, in get_mask_card_number
    raise ValueError
ValueError
2026-03-02 11:34:26,972 - masks.py - INFO - Конец работы функии: маскировка карты.
==============================
2026-03-02 11:34:26,973 - masks.py - INFO - Старт работы функии: маскировка карты.
2026-03-02 11:34:26,973 - masks.py - ERROR - Произошла ошибка: object of type 'int' has no len()
Traceback (most recent call last):
  File "C:\PyProject\SkyPro_HomeWork\src\masks.py", line 19, in get_mask_card_number
    if len(card_number) != 16:
       ~~~^^^^^^^^^^^^^
TypeError: object of type 'int' has no len()
2026-03-02 11:34:26,973 - masks.py - INFO - Конец работы функии: маскировка карты.
==============================
2026-03-02 11:34:26,975 - masks.py - INFO - Старт работы функии: маскировка счета.
2026-03-02 11:34:26,975 - masks.py - ERROR - Произошла ошибка: object of type 'NoneType' has no len()
Traceback (most recent call last):
  File "C:\PyProject\SkyPro_HomeWork\src\masks.py", line 47, in get_mask_account
    if len(account_number) != 20:
       ~~~^^^^^^^^^^^^^^^^
TypeError: object of type 'NoneType' has no len()
2026-03-02 11:34:26,975 - masks.py - INFO - Конец работы функии: маскировка счета.
==============================
2026-03-02 11:34:26,976 - masks.py - INFO - Старт работы функии: маскировка счета.
2026-03-02 11:34:26,976 - masks.py - ERROR - Произошла ошибка: Неверная длина номера счета
Traceback (most recent call last):
  File "C:\PyProject\SkyPro_HomeWork\src\masks.py", line 48, in get_mask_account
    raise ValueError("Неверная длина номера счета")
ValueError: Неверная длина номера счета
2026-03-02 11:34:26,977 - masks.py - INFO - Конец работы функии: маскировка счета.
==============================
2026-03-02 11:34:26,978 - masks.py - INFO - Старт работы функии: маскировка счета.
2026-03-02 11:34:26,978 - masks.py - ERROR - Произошла ошибка: Неверная длина номера счета
Traceback (most recent call last):
  File "C:\PyProject\SkyPro_HomeWork\src\masks.py", line 48, in get_mask_account
    raise ValueError("Неверная длина номера счета")
ValueError: Неверная длина номера счета
2026-03-02 11:34:26,978 - masks.py - INFO - Конец работы функии: маскировка счета.
==============================
2026-03-02 11:34:26,980 - masks.py - INFO - Старт работы функии: маскировка счета.
2026-03-02 11:34:26,980 - masks.py - ERROR - Произошла ошибка: object of type 'int' has no len()
Traceback (most recent call last):
  File "C:\PyProject\SkyPro_HomeWork\src\masks.py", line 47, in get_mask_account
    if len(account_number) != 20:
       ~~~^^^^^^^^^^^^^^^^
TypeError: object of type 'int' has no len()
2026-03-02 11:34:26,980 - masks.py - INFO - Конец работы функии: маскировка счета.
==============================
2026-03-02 11:34:26,981 - masks.py - INFO - Старт работы функии: маскировка карты.
2026-03-02 11:34:26,981 - masks.py - ERROR - Произошла ошибка: 
Traceback (most recent call last):
  File "C:\PyProject\SkyPro_HomeWork\src\masks.py", line 20, in get_mask_card_number
    raise ValueError
ValueError
2026-03-02 11:34:26,981 - masks.py - INFO - Конец работы функии: маскировка карты.
==============================
2026-03-02 11:34:26,982 - masks.py - INFO - Старт работы функии: маскировка карты.
2026-03-02 11:34:26,982 - masks.py - ERROR - Произошла ошибка: 
Traceback (most recent call last):
  File "C:\PyProject\SkyPro_HomeWork\src\masks.py", line 20, in get_mask_card_number
    raise ValueError
ValueError
2026-03-02 11:34:26,983 - masks.py - INFO - Конец работы функии: маскировка карты.
==============================
2026-03-02 11:34:26,984 - masks.py - INFO - Старт работы функии: маскировка счета.
2026-03-02 11:34:26,984 - masks.py - ERROR - Произошла ошибка: Неверная длина номера счета
Traceback (most recent call last):
  File "C:\PyProject\SkyPro_HomeWork\src\masks.py", line 48, in get_mask_account
    raise ValueError("Неверная длина номера счета")
ValueError: Неверная длина номера счета
2026-03-02 11:34:26,984 - masks.py - INFO - Конец работы функии: маскировка счета.
==============================
2026-03-02 11:34:26,985 - masks.py - INFO - Старт работы функии: маскировка счета.
2026-03-02 11:34:26,985 - masks.py - ERROR - Произошла ошибка: Неверная длина номера счета
Traceback (most recent call last):
  File "C:\PyProject\SkyPro_HomeWork\src\masks.py", line 48, in get_mask_account
    raise ValueError("Неверная длина номера счета")
ValueError: Неверная длина номера счета
2026-03-02 11:34:26,986 - masks.py - INFO - Конец работы функии: маскировка счета.
==============================
2026-03-02 11:34:27,034 - masks.py - INFO - Старт работы функии: маскировка карты.
2026-03-02 11:34:27,034 - masks.py - INFO - Функция отработала в штатном режиме
2026-03-02 11:34:27,034 - masks.py - INFO - Конец работы функии: маскировка карты.
==============================
2026-03-02 11:34:27,035 - masks.py - INFO - Старт работы функии: маскировка карты.
2026-03-02 11:34:27,035 - masks.py - INFO - Функция отработала в штатном режиме
2026-03-02 11:34:27,035 - masks.py - INFO - Конец работы функии: маскировка карты.
==============================
2026-03-02 11:34:27,036 - masks.py - INFO - Старт работы функии: маскировка карты.
2026-03-02 11:34:27,036 - masks.py - INFO - Функция отработала в штатном режиме
2026-03-02 11:34:27,036 - masks.py - INFO - Конец работы функии: маскировка карты.
==============================
2026-03-02 11:34:27,038 - masks.py - INFO - Старт работы функии: маскировка карты.
2026-03-02 11:34:27,038 - masks.py - INFO - Функция отработала в штатном режиме
2026-03-02 11:34:27,038 - masks.py - INFO - Конец работы функии: маскировка карты.
==============================
2026-03-02 11:34:27,039 - masks.py - INFO - Старт работы функии: маскировка карты.
2026-03-02 11:34:27,039 - masks.py - INFO - Функция отработала в штатном режиме
2026-03-02 11:34:27,039 - masks.py - INFO - Конец работы функии: маскировка карты.
==============================
2026-03-02 11:34:27,040 - masks.py - INFO - Старт работы функии: маскировка счета.
2026-03-02 11:34:27,041 - masks.py - INFO - Функция отработала в штатном режиме
2026-03-02 11:34:27,041 - masks.py - INFO - Конец работы функии: маскировка счета.
==============================
2026-03-02 11:34:27,042 - masks.py - INFO - Старт работы функии: маскировка счета.
2026-03-02 11:34:27,042 - masks.py - INFO - Функция отработала в штатном режиме
2026-03-02 11:34:27,042 - masks.py - INFO - Конец работы функии: маскировка счета.
==============================
2026-03-02 11:34:27,043 - masks.py - INFO - Старт работы функии: маскировка счета.
2026-03-02 11:34:27,043 - masks.py - INFO - Функция отработала в штатном режиме
2026-03-02 11:34:27,043 - masks.py - INFO - Конец работы функии: маскировка счета.
==============================
