2026-03-07 20:21:54,266 - readers.py - INFO - Старт работы функии: загрузка json-файла.
2026-03-07 20:21:54,266 - readers.py - INFO - Функция отработала в штатном режиме
2026-03-07 20:21:54,266 - readers.py - INFO - Конец работы функции: загрузка json-файла.
==============================
2026-03-07 20:21:54,268 - readers.py - INFO - Старт работы функии: загрузка json-файла.
2026-03-07 20:21:54,268 - readers.py - ERROR - Ошибка при загрузке: 
2026-03-07 20:21:54,268 - readers.py - INFO - Конец работы функции: загрузка json-файла.
==============================
2026-03-07 20:21:54,269 - readers.py - INFO - Старт работы функии: загрузка json-файла.
2026-03-07 20:21:54,269 - readers.py - ERROR - Ошибка при загрузке: msg: line 1 column 2 (char 1)
2026-03-07 20:21:54,269 - readers.py - INFO - Конец работы функции: загрузка json-файла.
==============================
2026-03-07 20:21:54,271 - readers.py - INFO - Старт работы функии: загрузка json-файла.
2026-03-07 20:21:54,271 - readers.py - ERROR - Ошибка при загрузке: 
2026-03-07 20:21:54,271 - readers.py - INFO - Конец работы функции: загрузка json-файла.
==============================
2026-03-07 20:21:54,272 - readers.py - INFO - Старт работы функии: загрузка csv-файла.
2026-03-07 20:21:54,272 - readers.py - INFO - Функция отработала в штатном режиме
2026-03-07 20:21:54,272 - readers.py - INFO - Конец работы функции: загрузка csv-файла.
==============================
2026-03-07 20:21:54,274 - readers.py - INFO - Старт работы функии: загрузка excel-файла.
2026-03-07 20:21:54,274 - readers.py - INFO - Функция отработала в штатном режиме
2026-03-07 20:21:54,274 - readers.py - INFO - Конец работы функции: загрузка excel-файла.
==============================
2026-03-07 20:21:54,275 - readers.py - INFO - Старт работы функии: загрузка csv-файла.
2026-03-07 20:21:54,275 - readers.py - ERROR - Ошибка при загрузке: 
2026-03-07 20:21:54,275 - readers.py - INFO - Конец работы функции: загрузка csv-файла.
==============================
2026-03-07 20:21:54,277 - readers.py - INFO - Старт работы функии: загрузка excel-файла.
2026-03-07 20:21:54,277 - readers.py - ERROR - Ошибка при загрузке: 
2026-03-07 20:21:54,277 - readers.py - INFO - Конец работы функции: загрузка excel-файла.
==============================
2026-03-07 20:21:54,278 - readers.py - INFO - Старт работы функии: загрузка csv-файла.
2026-03-07 20:21:54,278 - readers.py - ERROR - Ошибка при загрузке: 
2026-03-07 20:21:54,279 - readers.py - INFO - Конец работы функции: загрузка csv-файла.
==============================
2026-03-07 20:21:54,280 - readers.py - INFO - Старт работы функии: загрузка excel-файла.
2026-03-07 20:21:54,280 - readers.py - ERROR - Ошибка при загрузке: 
2026-03-07 20:21:54,280 - readers.py - INFO - Конец работы функции: загрузка excel-файла.
==============================
2026-03-07 20:21:54,281 - readers.py - INFO - Старт работы функии: загрузка csv-файла.
2026-03-07 20:21:54,281 - readers.py - ERROR - Ошибка при загрузке: 
2026-03-07 20:21:54,281 - readers.py - INFO - Конец работы функции: загрузка csv-файла.
==============================
2026-03-07 20:21:54,282 - readers.py - INFO - Старт работы функии: загрузка excel-файла.
2026-03-07 20:21:54,283 - readers.py - ERROR - Ошибка при загрузке: 
2026-03-07 20:21:54,283 - readers.py - INFO - Конец работы функции: загрузка excel-файла.
==============================
2026-03-07 20:21:54,284 - readers.py - INFO - Старт работы функии: загрузка csv-файла.
2026-03-07 20:21:54,284 - readers.py - ERROR - Ошибка при загрузке: 
2026-03-07 20:21:54,284 - readers.py - INFO - Конец работы функции: загрузка csv-файла.
==============================
2026-03-07 20:21:54,285 - readers.py - INFO - Старт работы функии: загрузка excel-файла.
2026-03-07 20:21:54,286 - readers.py - ERROR - Ошибка при загрузке: 
2026-03-07 20:21:54,286 - readers.py - INFO - Конец работы функции: загрузка excel-файла.
==============================
2026-03-07 20:21:54,287 - readers.py - INFO - Старт работы функии: загрузка csv-файла.
2026-03-07 20:21:54,287 - readers.py - ERROR - Ошибка при загрузке: bad file
2026-03-07 20:21:54,287 - readers.py - INFO - Конец работы функции: загрузка csv-файла.
==============================
2026-03-07 20:21:54,288 - readers.py - INFO - Старт работы функии: загрузка excel-файла.
2026-03-07 20:21:54,289 - readers.py - ERROR - Ошибка при загрузке: bad file
2026-03-07 20:21:54,289 - readers.py - INFO - Конец работы функции: загрузка excel-файла.
==============================
2026-03-07 20:21:54,290 - readers.py - INFO - Старт работы функии: загрузка csv-файла.
2026-03-07 20:21:54,290 - readers.py - ERROR - Ошибка при загрузке: 'utf-8' codec can't decode bytes in position 0-0: bad
2026-03-07 20:21:54,290 - readers.py - INFO - Конец работы функции: загрузка csv-файла.
==============================
2026-03-07 20:21:54,291 - readers.py - INFO - Старт работы функии: загрузка excel-файла.
2026-03-07 20:21:54,291 - readers.py - ERROR - Ошибка при загрузке: 'utf-8' codec can't decode bytes in position 0-0: bad
2026-03-07 20:21:54,291 - readers.py - INFO - Конец работы функции: загрузка excel-файла.
==============================
